=== 2025-12-30T16:28:27.727892Z ===\nTraceback (most recent call last):
  File "E:\Gen AI , ML & DL Projects\CMS-main\backend\venv\Lib\site-packages\sqlalchemy\engine\base.py", line 1967, in _exec_single_context
    self.dialect.do_execute(
  File "E:\Gen AI , ML & DL Projects\CMS-main\backend\venv\Lib\site-packages\sqlalchemy\engine\default.py", line 952, in do_execute
    cursor.execute(statement, parameters)
  File "E:\Gen AI , ML & DL Projects\CMS-main\backend\venv\Lib\site-packages\pymysql\cursors.py", line 153, in execute
    result = self._query(query)
             ^^^^^^^^^^^^^^^^^^
  File "E:\Gen AI , ML & DL Projects\CMS-main\backend\venv\Lib\site-packages\pymysql\cursors.py", line 322, in _query
    conn.query(q)
  File "E:\Gen AI , ML & DL Projects\CMS-main\backend\venv\Lib\site-packages\pymysql\connections.py", line 575, in query
    self._affected_rows = self._read_query_result(unbuffered=unbuffered)
                          ^^^^^^^^^^^^^^^^^^^^^^^^^^^^^^^^^^^^^^^^^^^^^^
  File "E:\Gen AI , ML & DL Projects\CMS-main\backend\venv\Lib\site-packages\pymysql\connections.py", line 826, in _read_query_result
    result.read()
  File "E:\Gen AI , ML & DL Projects\CMS-main\backend\venv\Lib\site-packages\pymysql\connections.py", line 1203, in read
    first_packet = self.connection._read_packet()
                   ^^^^^^^^^^^^^^^^^^^^^^^^^^^^^^
  File "E:\Gen AI , ML & DL Projects\CMS-main\backend\venv\Lib\site-packages\pymysql\connections.py", line 782, in _read_packet
    packet.raise_for_error()
  File "E:\Gen AI , ML & DL Projects\CMS-main\backend\venv\Lib\site-packages\pymysql\protocol.py", line 219, in raise_for_error
    err.raise_mysql_exception(self._data)
  File "E:\Gen AI , ML & DL Projects\CMS-main\backend\venv\Lib\site-packages\pymysql\err.py", line 150, in raise_mysql_exception
    raise errorclass(errno, errval)
pymysql.err.IntegrityError: (1452, 'Cannot add or update a child row: a foreign key constraint fails (`cms`.`posts`, CONSTRAINT `posts_ibfk_1` FOREIGN KEY (`forum_id`) REFERENCES `forums` (`id`))')

The above exception was the direct cause of the following exception:

Traceback (most recent call last):
  File "E:\Gen AI , ML & DL Projects\CMS-main\backend\src\routes\communication.py", line 50, in create_post
    db.session.commit()
  File "E:\Gen AI , ML & DL Projects\CMS-main\backend\venv\Lib\site-packages\sqlalchemy\orm\scoping.py", line 597, in commit
    return self._proxied.commit()
           ^^^^^^^^^^^^^^^^^^^^^^
  File "E:\Gen AI , ML & DL Projects\CMS-main\backend\venv\Lib\site-packages\sqlalchemy\orm\session.py", line 2030, in commit
    trans.commit(_to_root=True)
  File "<string>", line 2, in commit
  File "E:\Gen AI , ML & DL Projects\CMS-main\backend\venv\Lib\site-packages\sqlalchemy\orm\state_changes.py", line 137, in _go
    ret_value = fn(self, *arg, **kw)
                ^^^^^^^^^^^^^^^^^^^^
  File "E:\Gen AI , ML & DL Projects\CMS-main\backend\venv\Lib\site-packages\sqlalchemy\orm\session.py", line 1311, in commit
    self._prepare_impl()
  File "<string>", line 2, in _prepare_impl
  File "E:\Gen AI , ML & DL Projects\CMS-main\backend\venv\Lib\site-packages\sqlalchemy\orm\state_changes.py", line 137, in _go
    ret_value = fn(self, *arg, **kw)
                ^^^^^^^^^^^^^^^^^^^^
  File "E:\Gen AI , ML & DL Projects\CMS-main\backend\venv\Lib\site-packages\sqlalchemy\orm\session.py", line 1286, in _prepare_impl
    self.session.flush()
  File "E:\Gen AI , ML & DL Projects\CMS-main\backend\venv\Lib\site-packages\sqlalchemy\orm\session.py", line 4331, in flush
    self._flush(objects)
  File "E:\Gen AI , ML & DL Projects\CMS-main\backend\venv\Lib\site-packages\sqlalchemy\orm\session.py", line 4466, in _flush
    with util.safe_reraise():
  File "E:\Gen AI , ML & DL Projects\CMS-main\backend\venv\Lib\site-packages\sqlalchemy\util\langhelpers.py", line 224, in __exit__
    raise exc_value.with_traceback(exc_tb)
  File "E:\Gen AI , ML & DL Projects\CMS-main\backend\venv\Lib\site-packages\sqlalchemy\orm\session.py", line 4427, in _flush
    flush_context.execute()
  File "E:\Gen AI , ML & DL Projects\CMS-main\backend\venv\Lib\site-packages\sqlalchemy\orm\unitofwork.py", line 466, in execute
    rec.execute(self)
  File "E:\Gen AI , ML & DL Projects\CMS-main\backend\venv\Lib\site-packages\sqlalchemy\orm\unitofwork.py", line 642, in execute
    util.preloaded.orm_persistence.save_obj(
  File "E:\Gen AI , ML & DL Projects\CMS-main\backend\venv\Lib\site-packages\sqlalchemy\orm\persistence.py", line 93, in save_obj
    _emit_insert_statements(
  File "E:\Gen AI , ML & DL Projects\CMS-main\backend\venv\Lib\site-packages\sqlalchemy\orm\persistence.py", line 1233, in _emit_insert_statements
    result = connection.execute(
             ^^^^^^^^^^^^^^^^^^^
  File "E:\Gen AI , ML & DL Projects\CMS-main\backend\venv\Lib\site-packages\sqlalchemy\engine\base.py", line 1419, in execute
    return meth(
           ^^^^^
  File "E:\Gen AI , ML & DL Projects\CMS-main\backend\venv\Lib\site-packages\sqlalchemy\sql\elements.py", line 527, in _execute_on_connection
    return connection._execute_clauseelement(
           ^^^^^^^^^^^^^^^^^^^^^^^^^^^^^^^^^^
  File "E:\Gen AI , ML & DL Projects\CMS-main\backend\venv\Lib\site-packages\sqlalchemy\engine\base.py", line 1641, in _execute_clauseelement
    ret = self._execute_context(
          ^^^^^^^^^^^^^^^^^^^^^^
  File "E:\Gen AI , ML & DL Projects\CMS-main\backend\venv\Lib\site-packages\sqlalchemy\engine\base.py", line 1846, in _execute_context
    return self._exec_single_context(
           ^^^^^^^^^^^^^^^^^^^^^^^^^^
  File "E:\Gen AI , ML & DL Projects\CMS-main\backend\venv\Lib\site-packages\sqlalchemy\engine\base.py", line 1986, in _exec_single_context
    self._handle_dbapi_exception(
  File "E:\Gen AI , ML & DL Projects\CMS-main\backend\venv\Lib\site-packages\sqlalchemy\engine\base.py", line 2363, in _handle_dbapi_exception
    raise sqlalchemy_exception.with_traceback(exc_info[2]) from e
  File "E:\Gen AI , ML & DL Projects\CMS-main\backend\venv\Lib\site-packages\sqlalchemy\engine\base.py", line 1967, in _exec_single_context
    self.dialect.do_execute(
  File "E:\Gen AI , ML & DL Projects\CMS-main\backend\venv\Lib\site-packages\sqlalchemy\engine\default.py", line 952, in do_execute
    cursor.execute(statement, parameters)
  File "E:\Gen AI , ML & DL Projects\CMS-main\backend\venv\Lib\site-packages\pymysql\cursors.py", line 153, in execute
    result = self._query(query)
             ^^^^^^^^^^^^^^^^^^
  File "E:\Gen AI , ML & DL Projects\CMS-main\backend\venv\Lib\site-packages\pymysql\cursors.py", line 322, in _query
    conn.query(q)
  File "E:\Gen AI , ML & DL Projects\CMS-main\backend\venv\Lib\site-packages\pymysql\connections.py", line 575, in query
    self._affected_rows = self._read_query_result(unbuffered=unbuffered)
                          ^^^^^^^^^^^^^^^^^^^^^^^^^^^^^^^^^^^^^^^^^^^^^^
  File "E:\Gen AI , ML & DL Projects\CMS-main\backend\venv\Lib\site-packages\pymysql\connections.py", line 826, in _read_query_result
    result.read()
  File "E:\Gen AI , ML & DL Projects\CMS-main\backend\venv\Lib\site-packages\pymysql\connections.py", line 1203, in read
    first_packet = self.connection._read_packet()
                   ^^^^^^^^^^^^^^^^^^^^^^^^^^^^^^
  File "E:\Gen AI , ML & DL Projects\CMS-main\backend\venv\Lib\site-packages\pymysql\connections.py", line 782, in _read_packet
    packet.raise_for_error()
  File "E:\Gen AI , ML & DL Projects\CMS-main\backend\venv\Lib\site-packages\pymysql\protocol.py", line 219, in raise_for_error
    err.raise_mysql_exception(self._data)
  File "E:\Gen AI , ML & DL Projects\CMS-main\backend\venv\Lib\site-packages\pymysql\err.py", line 150, in raise_mysql_exception
    raise errorclass(errno, errval)
sqlalchemy.exc.IntegrityError: (pymysql.err.IntegrityError) (1452, 'Cannot add or update a child row: a foreign key constraint fails (`cms`.`posts`, CONSTRAINT `posts_ibfk_1` FOREIGN KEY (`forum_id`) REFERENCES `forums` (`id`))')
[SQL: INSERT INTO posts (forum_id, author_id, content, created_at) VALUES (%(forum_id)s, %(author_id)s, %(content)s, %(created_at)s)]
[parameters: {'forum_id': 1, 'author_id': 6, 'content': 'test via client', 'created_at': datetime.datetime(2025, 12, 30, 16, 28, 27, 721162)}]
(Background on this error at: https://sqlalche.me/e/20/gkpj)
\n